[viruscovid.tech/index.html]
[backblue.gif]
[fade.gif]
[index.html]
[viruscovid.tech/assets/css/tachyons.min.css]
[viruscovid.tech/assets/css/site3860.css]
[ajax.googleapis.com/ajax/libs/jquery/3.4.1/jquery.min.js]
[viruscovid.tech/assets/favicon/apple-icon-57x57.png]
[viruscovid.tech/assets/favicon/apple-icon-60x60.png]
[viruscovid.tech/assets/favicon/apple-icon-72x72.png]
[viruscovid.tech/assets/favicon/apple-icon-76x76.png]
[viruscovid.tech/assets/favicon/apple-icon-114x114.png]
[viruscovid.tech/assets/favicon/apple-icon-120x120.png]
[viruscovid.tech/assets/favicon/apple-icon-144x144.png]
[viruscovid.tech/assets/favicon/apple-icon-152x152.png]
[viruscovid.tech/assets/favicon/apple-icon-180x180.png]
[viruscovid.tech/assets/favicon/android-icon-192x192.png]
[viruscovid.tech/assets/favicon/favicon-32x32.png]
[viruscovid.tech/assets/favicon/favicon-96x96.png]
[viruscovid.tech/assets/favicon/favicon-16x16.png]
[viruscovid.tech/assets/favicon/manifest.json]
[cdn.datatables.net/v/bs4/dt-1.10.20/datatables.min.js]
[cdn.datatables.net/v/bs4/dt-1.10.20/datatables.min.css]
[cdnjs.cloudflare.com/ajax/libs/Chart.js/2.9.3/Chart.min.js]
[cdnjs.cloudflare.com/ajax/libs/Chart.js/2.9.3/Chart.css]
[cdn.jsdelivr.net/npm/select2@4.0.13/dist/css/select2.min.css]
[cdn.jsdelivr.net/npm/select2@4.0.13/dist/js/select2.min.js]
[corona.lmao.ninja/assets/img/flags/af.png]
[corona.lmao.ninja/assets/img/flags/al.png]
[corona.lmao.ninja/assets/img/flags/dz.png]
[corona.lmao.ninja/assets/img/flags/ad.png]
[corona.lmao.ninja/assets/img/flags/ao.png]
[corona.lmao.ninja/assets/img/flags/ai.png]
[corona.lmao.ninja/assets/img/flags/ag.png]
[corona.lmao.ninja/assets/img/flags/ar.png]
[corona.lmao.ninja/assets/img/flags/am.png]
[corona.lmao.ninja/assets/img/flags/aw.png]
[corona.lmao.ninja/assets/img/flags/au.png]
[corona.lmao.ninja/assets/img/flags/at.png]
[corona.lmao.ninja/assets/img/flags/az.png]
[corona.lmao.ninja/assets/img/flags/bs.png]
[corona.lmao.ninja/assets/img/flags/bh.png]
[corona.lmao.ninja/assets/img/flags/bd.png]
[corona.lmao.ninja/assets/img/flags/bb.png]
[corona.lmao.ninja/assets/img/flags/by.png]
[corona.lmao.ninja/assets/img/flags/be.png]
[corona.lmao.ninja/assets/img/flags/bz.png]
[corona.lmao.ninja/assets/img/flags/bj.png]
[corona.lmao.ninja/assets/img/flags/bm.png]
[corona.lmao.ninja/assets/img/flags/bt.png]
[corona.lmao.ninja/assets/img/flags/bo.png]
[corona.lmao.ninja/assets/img/flags/ba.png]
[corona.lmao.ninja/assets/img/flags/bw.png]
[corona.lmao.ninja/assets/img/flags/br.png]
[corona.lmao.ninja/assets/img/flags/vg.png]
[corona.lmao.ninja/assets/img/flags/bn.png]
[corona.lmao.ninja/assets/img/flags/bg.png]
[corona.lmao.ninja/assets/img/flags/bf.png]
[corona.lmao.ninja/assets/img/flags/bi.png]
[corona.lmao.ninja/assets/img/flags/cv.png]
[corona.lmao.ninja/assets/img/flags/kh.png]
[corona.lmao.ninja/assets/img/flags/cm.png]
[corona.lmao.ninja/assets/img/flags/ca.png]
[corona.lmao.ninja/assets/img/flags/bq.png]
[corona.lmao.ninja/assets/img/flags/ky.png]
[corona.lmao.ninja/assets/img/flags/cf.png]
[corona.lmao.ninja/assets/img/flags/td.png]
[corona.lmao.ninja/assets/img/flags/je.png]
[corona.lmao.ninja/assets/img/flags/cl.png]
[corona.lmao.ninja/assets/img/flags/cn.png]
[corona.lmao.ninja/assets/img/flags/co.png]
[corona.lmao.ninja/assets/img/flags/cg.png]
[corona.lmao.ninja/assets/img/flags/cr.png]
[corona.lmao.ninja/assets/img/flags/hr.png]
[corona.lmao.ninja/assets/img/flags/cu.png]
[corona.lmao.ninja/assets/img/flags/cw.png]
[corona.lmao.ninja/assets/img/flags/cy.png]
[corona.lmao.ninja/assets/img/flags/cz.png]
[corona.lmao.ninja/assets/img/flags/ci.png]
[corona.lmao.ninja/assets/img/flags/cd.png]
[corona.lmao.ninja/assets/img/flags/dk.png]
[corona.lmao.ninja/assets/img/flags/unknown.png]
[corona.lmao.ninja/assets/img/flags/dj.png]
[corona.lmao.ninja/assets/img/flags/dm.png]
[corona.lmao.ninja/assets/img/flags/do.png]
[corona.lmao.ninja/assets/img/flags/ec.png]
[corona.lmao.ninja/assets/img/flags/eg.png]
[corona.lmao.ninja/assets/img/flags/sv.png]
[corona.lmao.ninja/assets/img/flags/gq.png]
[corona.lmao.ninja/assets/img/flags/er.png]
[corona.lmao.ninja/assets/img/flags/ee.png]
[corona.lmao.ninja/assets/img/flags/et.png]
[corona.lmao.ninja/assets/img/flags/fk.png]
[corona.lmao.ninja/assets/img/flags/fo.png]
[corona.lmao.ninja/assets/img/flags/fj.png]
[corona.lmao.ninja/assets/img/flags/fi.png]
[corona.lmao.ninja/assets/img/flags/fr.png]
[corona.lmao.ninja/assets/img/flags/gf.png]
[corona.lmao.ninja/assets/img/flags/pf.png]
[corona.lmao.ninja/assets/img/flags/ga.png]
[corona.lmao.ninja/assets/img/flags/gm.png]
[corona.lmao.ninja/assets/img/flags/ge.png]
[corona.lmao.ninja/assets/img/flags/de.png]
[corona.lmao.ninja/assets/img/flags/gh.png]
[corona.lmao.ninja/assets/img/flags/gi.png]
[corona.lmao.ninja/assets/img/flags/gr.png]
[corona.lmao.ninja/assets/img/flags/gl.png]
[corona.lmao.ninja/assets/img/flags/gd.png]
[corona.lmao.ninja/assets/img/flags/gp.png]
[corona.lmao.ninja/assets/img/flags/gt.png]
[corona.lmao.ninja/assets/img/flags/gn.png]
[corona.lmao.ninja/assets/img/flags/gw.png]
[corona.lmao.ninja/assets/img/flags/gy.png]
[corona.lmao.ninja/assets/img/flags/ht.png]
[corona.lmao.ninja/assets/img/flags/va.png]
[corona.lmao.ninja/assets/img/flags/hn.png]
[corona.lmao.ninja/assets/img/flags/hk.png]
[corona.lmao.ninja/assets/img/flags/hu.png]
[corona.lmao.ninja/assets/img/flags/is.png]
[corona.lmao.ninja/assets/img/flags/in.png]
[corona.lmao.ninja/assets/img/flags/id.png]
[corona.lmao.ninja/assets/img/flags/ir.png]
[corona.lmao.ninja/assets/img/flags/iq.png]
[corona.lmao.ninja/assets/img/flags/ie.png]
[corona.lmao.ninja/assets/img/flags/im.png]
[corona.lmao.ninja/assets/img/flags/il.png]
[corona.lmao.ninja/assets/img/flags/it.png]
[corona.lmao.ninja/assets/img/flags/jm.png]
[corona.lmao.ninja/assets/img/flags/jp.png]
[corona.lmao.ninja/assets/img/flags/jo.png]
[corona.lmao.ninja/assets/img/flags/kz.png]
[corona.lmao.ninja/assets/img/flags/ke.png]
[corona.lmao.ninja/assets/img/flags/kw.png]
[corona.lmao.ninja/assets/img/flags/kg.png]
[corona.lmao.ninja/assets/img/flags/la.png]
[corona.lmao.ninja/assets/img/flags/lv.png]
[corona.lmao.ninja/assets/img/flags/lb.png]
[corona.lmao.ninja/assets/img/flags/lr.png]
[corona.lmao.ninja/assets/img/flags/ly.png]
[corona.lmao.ninja/assets/img/flags/li.png]
[corona.lmao.ninja/assets/img/flags/lt.png]
[corona.lmao.ninja/assets/img/flags/lu.png]
[corona.lmao.ninja/assets/img/flags/mo.png]
[corona.lmao.ninja/assets/img/flags/mk.png]
[corona.lmao.ninja/assets/img/flags/mg.png]
[corona.lmao.ninja/assets/img/flags/mw.png]
[corona.lmao.ninja/assets/img/flags/my.png]
[corona.lmao.ninja/assets/img/flags/mv.png]
[corona.lmao.ninja/assets/img/flags/ml.png]
[corona.lmao.ninja/assets/img/flags/mt.png]
[corona.lmao.ninja/assets/img/flags/mq.png]
[corona.lmao.ninja/assets/img/flags/mr.png]
[corona.lmao.ninja/assets/img/flags/mu.png]
[corona.lmao.ninja/assets/img/flags/yt.png]
[corona.lmao.ninja/assets/img/flags/mx.png]
[corona.lmao.ninja/assets/img/flags/md.png]
[corona.lmao.ninja/assets/img/flags/mc.png]
[corona.lmao.ninja/assets/img/flags/mn.png]
[corona.lmao.ninja/assets/img/flags/me.png]
[corona.lmao.ninja/assets/img/flags/ms.png]
[corona.lmao.ninja/assets/img/flags/ma.png]
[corona.lmao.ninja/assets/img/flags/mz.png]
[corona.lmao.ninja/assets/img/flags/mm.png]
[corona.lmao.ninja/assets/img/flags/na.png]
[corona.lmao.ninja/assets/img/flags/np.png]
[corona.lmao.ninja/assets/img/flags/nl.png]
[corona.lmao.ninja/assets/img/flags/nc.png]
[corona.lmao.ninja/assets/img/flags/nz.png]
[corona.lmao.ninja/assets/img/flags/ni.png]
[corona.lmao.ninja/assets/img/flags/ne.png]
[corona.lmao.ninja/assets/img/flags/ng.png]
[corona.lmao.ninja/assets/img/flags/no.png]
[corona.lmao.ninja/assets/img/flags/om.png]
[corona.lmao.ninja/assets/img/flags/pk.png]
[corona.lmao.ninja/assets/img/flags/ps.png]
[corona.lmao.ninja/assets/img/flags/pa.png]
[corona.lmao.ninja/assets/img/flags/pg.png]
[corona.lmao.ninja/assets/img/flags/py.png]
[corona.lmao.ninja/assets/img/flags/pe.png]
[corona.lmao.ninja/assets/img/flags/ph.png]
[corona.lmao.ninja/assets/img/flags/pl.png]
[corona.lmao.ninja/assets/img/flags/pt.png]
[corona.lmao.ninja/assets/img/flags/qa.png]
[corona.lmao.ninja/assets/img/flags/ro.png]
[corona.lmao.ninja/assets/img/flags/ru.png]
[corona.lmao.ninja/assets/img/flags/rw.png]
[corona.lmao.ninja/assets/img/flags/re.png]
[corona.lmao.ninja/assets/img/flags/kr.png]
[corona.lmao.ninja/assets/img/flags/kn.png]
[corona.lmao.ninja/assets/img/flags/lc.png]
[corona.lmao.ninja/assets/img/flags/mf.png]
[corona.lmao.ninja/assets/img/flags/pm.png]
[corona.lmao.ninja/assets/img/flags/vc.png]
[corona.lmao.ninja/assets/img/flags/sm.png]
[corona.lmao.ninja/assets/img/flags/st.png]
[corona.lmao.ninja/assets/img/flags/sa.png]
[corona.lmao.ninja/assets/img/flags/sn.png]
[corona.lmao.ninja/assets/img/flags/rs.png]
[corona.lmao.ninja/assets/img/flags/sc.png]
[corona.lmao.ninja/assets/img/flags/sl.png]
[corona.lmao.ninja/assets/img/flags/sg.png]
[corona.lmao.ninja/assets/img/flags/sx.png]
[corona.lmao.ninja/assets/img/flags/sk.png]
[corona.lmao.ninja/assets/img/flags/si.png]
[corona.lmao.ninja/assets/img/flags/so.png]
[corona.lmao.ninja/assets/img/flags/za.png]
[corona.lmao.ninja/assets/img/flags/ss.png]
[corona.lmao.ninja/assets/img/flags/es.png]
[corona.lmao.ninja/assets/img/flags/lk.png]
[corona.lmao.ninja/assets/img/flags/bl.png]
[corona.lmao.ninja/assets/img/flags/sd.png]
[corona.lmao.ninja/assets/img/flags/sr.png]
[corona.lmao.ninja/assets/img/flags/sz.png]
[corona.lmao.ninja/assets/img/flags/se.png]
[corona.lmao.ninja/assets/img/flags/ch.png]
[corona.lmao.ninja/assets/img/flags/sy.png]
[corona.lmao.ninja/assets/img/flags/tw.png]
[corona.lmao.ninja/assets/img/flags/tz.png]
[corona.lmao.ninja/assets/img/flags/th.png]
[corona.lmao.ninja/assets/img/flags/tl.png]
[corona.lmao.ninja/assets/img/flags/tg.png]
[corona.lmao.ninja/assets/img/flags/tt.png]
[corona.lmao.ninja/assets/img/flags/tn.png]
[corona.lmao.ninja/assets/img/flags/tr.png]
[corona.lmao.ninja/assets/img/flags/tc.png]
[corona.lmao.ninja/assets/img/flags/ae.png]
[corona.lmao.ninja/assets/img/flags/gb.png]
[corona.lmao.ninja/assets/img/flags/us.png]
[corona.lmao.ninja/assets/img/flags/ug.png]
[corona.lmao.ninja/assets/img/flags/ua.png]
[corona.lmao.ninja/assets/img/flags/uy.png]
[corona.lmao.ninja/assets/img/flags/uz.png]
[corona.lmao.ninja/assets/img/flags/ve.png]
[corona.lmao.ninja/assets/img/flags/vn.png]
[corona.lmao.ninja/assets/img/flags/eh.png]
[corona.lmao.ninja/assets/img/flags/ye.png]
[corona.lmao.ninja/assets/img/flags/zm.png]
[corona.lmao.ninja/assets/img/flags/zw.png]
[viruscovid.tech/index.html]
[viruscovid.tech/assets/css/tachyons.min.css]
[viruscovid.tech/assets/fonts/calibre/CalibreWeb-Thin.woff]
[viruscovid.tech/assets/fonts/calibre/CalibreWeb-ThinItalic.woff]
[viruscovid.tech/assets/fonts/calibre/CalibreWeb-Light.woff]
[viruscovid.tech/assets/fonts/calibre/CalibreWeb-LightItalic.woff]
[viruscovid.tech/assets/fonts/calibre/CalibreWeb-Regular.woff]
[viruscovid.tech/assets/fonts/calibre/CalibreWeb-RegularItalic.woff]
[viruscovid.tech/assets/fonts/calibre/CalibreWeb-Medium.woff]
[viruscovid.tech/assets/fonts/calibre/CalibreWeb-MediumItalic.woff]
[viruscovid.tech/assets/fonts/calibre/CalibreWeb-Semibold.woff]
[viruscovid.tech/assets/fonts/calibre/CalibreWeb-SemiboldItalic.woff]
[viruscovid.tech/assets/fonts/calibre/CalibreWeb-Bold.woff]
[viruscovid.tech/assets/fonts/calibre/CalibreWeb-BoldItalic.woff]
[viruscovid.tech/assets/fonts/calibre/CalibreWeb-Black.woff]
[viruscovid.tech/assets/fonts/calibre/CalibreWeb-BlackItalic.woff]
[viruscovid.tech/assets/css/site3860.css]
[cdn.datatables.net/v/bs4/dt-1.10.20/datatables.min.css]
[cdnjs.cloudflare.com/ajax/libs/Chart.js/2.9.3/Chart.css]
[cdn.jsdelivr.net/npm/select2@4.0.13/dist/css/select2.min.css]
[viruscovid.tech/assets/img/moon.svg]
[viruscovid.tech/assets/img/cases.svg]
[viruscovid.tech/assets/img/deaths.svg]
[viruscovid.tech/assets/img/recoveries.svg]
[viruscovid.tech/assets/img/active_cases.svg]
